// Jest Snapshot v1, https://goo.gl/fbAQLP

exports[`Rating should match snapshot 1`] = `
<DocumentFragment>
  <div
    class="Rating-Component large"
  >
    <div
      class="star-line"
    >
      <div
        class="star-item"
        data-testid="star"
      >
        <div
          class="rating-star fill"
        >
          <label
            class="star-wrapper top-left"
          >
            <svg
              class="star-content fill"
              data-testid="starSVG"
              viewBox="0 0 25 30"
            >
              <polygon
                points="12.5,1.25 5,24.75 23.75,9.75 1.25,9.75 20,24.75"
              />
            </svg>
          </label>
          <label
            class="star-wrapper top-right"
          >
            <svg
              class="star-content fill"
              data-testid="starSVG"
              viewBox="0 0 25 30"
            >
              <polygon
                points="12.5,1.25 5,24.75 23.75,9.75 1.25,9.75 20,24.75"
              />
              Sorry, your browser does not support inline SVG.
            </svg>
          </label>
          <label
            class="star-wrapper"
          >
            <svg
              class="star-content "
              viewBox="0 0 25 30"
            >
              <polygon
                points="12.5,1.25 5,24.75 23.75,9.75 1.25,9.75 20,24.75"
              />
              Sorry, your browser does not support inline SVG.
            </svg>
          </label>
        </div>
      </div>
      <div
        class="star-item"
        data-testid="star"
      >
        <div
          class="rating-star fill"
        >
          <label
            class="star-wrapper top-left"
          >
            <svg
              class="star-content fill"
              data-testid="starSVG"
              viewBox="0 0 25 30"
            >
              <polygon
                points="12.5,1.25 5,24.75 23.75,9.75 1.25,9.75 20,24.75"
              />
            </svg>
          </label>
          <label
            class="star-wrapper top-right"
          >
            <svg
              class="star-content fill"
              data-testid="starSVG"
              viewBox="0 0 25 30"
            >
              <polygon
                points="12.5,1.25 5,24.75 23.75,9.75 1.25,9.75 20,24.75"
              />
              Sorry, your browser does not support inline SVG.
            </svg>
          </label>
          <label
            class="star-wrapper"
          >
            <svg
              class="star-content "
              viewBox="0 0 25 30"
            >
              <polygon
                points="12.5,1.25 5,24.75 23.75,9.75 1.25,9.75 20,24.75"
              />
              Sorry, your browser does not support inline SVG.
            </svg>
          </label>
        </div>
      </div>
      <div
        class="star-item"
        data-testid="star"
      >
        <div
          class="rating-star fill"
        >
          <label
            class="star-wrapper top-left"
          >
            <svg
              class="star-content fill"
              data-testid="starSVG"
              viewBox="0 0 25 30"
            >
              <polygon
                points="12.5,1.25 5,24.75 23.75,9.75 1.25,9.75 20,24.75"
              />
            </svg>
          </label>
          <label
            class="star-wrapper top-right"
          >
            <svg
              class="star-content fill"
              data-testid="starSVG"
              viewBox="0 0 25 30"
            >
              <polygon
                points="12.5,1.25 5,24.75 23.75,9.75 1.25,9.75 20,24.75"
              />
              Sorry, your browser does not support inline SVG.
            </svg>
          </label>
          <label
            class="star-wrapper"
          >
            <svg
              class="star-content "
              viewBox="0 0 25 30"
            >
              <polygon
                points="12.5,1.25 5,24.75 23.75,9.75 1.25,9.75 20,24.75"
              />
              Sorry, your browser does not support inline SVG.
            </svg>
          </label>
        </div>
      </div>
      <div
        class="star-item"
        data-testid="star"
      >
        <div
          class="rating-star fill"
        >
          <label
            class="star-wrapper top-left"
          >
            <svg
              class="star-content fill"
              data-testid="starSVG"
              viewBox="0 0 25 30"
            >
              <polygon
                points="12.5,1.25 5,24.75 23.75,9.75 1.25,9.75 20,24.75"
              />
            </svg>
          </label>
          <label
            class="star-wrapper top-right"
          >
            <svg
              class="star-content fill"
              data-testid="starSVG"
              viewBox="0 0 25 30"
            >
              <polygon
                points="12.5,1.25 5,24.75 23.75,9.75 1.25,9.75 20,24.75"
              />
              Sorry, your browser does not support inline SVG.
            </svg>
          </label>
          <label
            class="star-wrapper"
          >
            <svg
              class="star-content "
              viewBox="0 0 25 30"
            >
              <polygon
                points="12.5,1.25 5,24.75 23.75,9.75 1.25,9.75 20,24.75"
              />
              Sorry, your browser does not support inline SVG.
            </svg>
          </label>
        </div>
      </div>
      <div
        class="star-item"
        data-testid="star"
      >
        <div
          class="rating-star "
        >
          <label
            class="star-wrapper top-left"
          >
            <svg
              class="star-content "
              data-testid="starSVG"
              viewBox="0 0 25 30"
            >
              <polygon
                points="12.5,1.25 5,24.75 23.75,9.75 1.25,9.75 20,24.75"
              />
            </svg>
          </label>
          <label
            class="star-wrapper top-right"
          >
            <svg
              class="star-content "
              data-testid="starSVG"
              viewBox="0 0 25 30"
            >
              <polygon
                points="12.5,1.25 5,24.75 23.75,9.75 1.25,9.75 20,24.75"
              />
              Sorry, your browser does not support inline SVG.
            </svg>
          </label>
          <label
            class="star-wrapper"
          >
            <svg
              class="star-content "
              viewBox="0 0 25 30"
            >
              <polygon
                points="12.5,1.25 5,24.75 23.75,9.75 1.25,9.75 20,24.75"
              />
              Sorry, your browser does not support inline SVG.
            </svg>
          </label>
        </div>
      </div>
    </div>
  </div>
</DocumentFragment>
`;
